// Jest Snapshot v1, https://goo.gl/fbAQLP

exports[`Navbar matches snapshot 1`] = `
<div
  className="relative max-w-7xl mx-auto w-full"
>
  <div>
    <div
      className="flex justify-between items-center border-b-2 border-gray-100 py-4 md:space-x-10"
    >
      <div
        className="relative h-16 w-16 cursor-pointer"
      >
        <div
          style={
            Object {
              "bottom": 0,
              "boxSizing": "border-box",
              "display": "block",
              "left": 0,
              "margin": 0,
              "overflow": "hidden",
              "position": "absolute",
              "right": 0,
              "top": 0,
            }
          }
        >
          <img
            decoding="async"
            onClick={[Function]}
            onMouseEnter={[Function]}
            src="data:image/gif;base64,R0lGODlhAQABAIAAAAAAAP///yH5BAEAAAAALAAAAAABAAEAAAIBRAA7"
            style={
              Object {
                "border": "none",
                "bottom": 0,
                "boxSizing": "border-box",
                "display": "block",
                "height": 0,
                "left": 0,
                "margin": "auto",
                "maxHeight": "100%",
                "maxWidth": "100%",
                "minHeight": "100%",
                "minWidth": "100%",
                "objectFit": "contain",
                "objectPosition": undefined,
                "padding": 0,
                "position": "absolute",
                "right": 0,
                "top": 0,
                "visibility": "hidden",
                "width": 0,
              }
            }
          />
        </div>
      </div>
      <div
        className="-mr-2 -my-2 md:hidden"
      >
        <button
          className="bg-white rounded-md p-2 inline-flex items-center justify-center text-gray-400 hover:text-gray-500 hover:bg-gray-100 focus:outline-none"
          onClick={[Function]}
          type="button"
        >
          <svg
            className="h-6 w-6"
            fill="none"
            height="1em"
            stroke="currentColor"
            strokeWidth="0"
            style={
              Object {
                "color": undefined,
              }
            }
            viewBox="0 0 24 24"
            width="1em"
            xmlns="http://www.w3.org/2000/svg"
          >
            <path
              d="M4 6h16M4 12h16M4 18h16"
              strokeLinecap="round"
              strokeLinejoin="round"
              strokeWidth="2"
            />
          </svg>
        </button>
      </div>
      <nav
        className="space-x-10 hidden md:flex"
      >
        <a
          className="text-lg font-medium text-gray-500 hover:text-gray-900 no-underline"
          href="/blog"
          onClick={[Function]}
          onMouseEnter={[Function]}
        >
          Blog
        </a>
        <a
          className="text-lg font-medium text-gray-500 hover:text-gray-900 no-underline"
          href="/tb"
          onClick={[Function]}
          onMouseEnter={[Function]}
        >
          Newsletter
        </a>
        <a
          className="text-lg font-medium text-gray-500 hover:text-gray-900 no-underline"
          href="/about"
          onClick={[Function]}
          onMouseEnter={[Function]}
        >
          About
        </a>
      </nav>
    </div>
  </div>
</div>
`;
