// Jest Snapshot v1, https://goo.gl/fbAQLP

exports[`Post matches snapshot 1`] = `
<div
  className="prose max-w-prose mx-auto prose-indigo py-8"
>
  <h1 />
  <div
    className="max-w-prose w-full prose mx-auto"
  />
</div>
`;
