// Jest Snapshot v1, https://goo.gl/fbAQLP

exports[`Button matches snapshot 1`] = `
<button
  className="px-4 py-2 inline-flex items-center justify-center border rounded-md shadow-sm focus:outline-none font-medium focus:ring-2 focus:ring-offset-2     "
  type="button"
/>
`;
